// Vitest Snapshot v1, https://vitest.dev/guide/snapshot.html

exports[`MoonGlow component > matches the snapshot 1`] = `
<DocumentFragment>
  .c0 {
  position: absolute;
  background-color: #f1f1f1;
  border-radius: 50%;
  opacity: 0.1;
  transition: opacity 0.3s;
  animation: xvTUm infinite;
  top: 10px;
  left: 20px;
  width: 40px;
  height: 60px;
  animation-duration: 2s;
  animation-delay: 4s;
}

<div
    class="c0"
  />
</DocumentFragment>
`;
